Skipping import of cpp extensions due to incompatible torch version 2.6.0+cu124 for torchao version 0.14.1             Please see https://github.com/pytorch/ao/issues/2919 for more info
`torch_dtype` is deprecated! Use `dtype` instead!
Skipping import of cpp extensions due to incompatible torch version 2.6.0+cu124 for torchao version 0.14.1             Please see https://github.com/pytorch/ao/issues/2919 for more info
Skipping import of cpp extensions due to incompatible torch version 2.6.0+cu124 for torchao version 0.14.1             Please see https://github.com/pytorch/ao/issues/2919 for more info
Skipping import of cpp extensions due to incompatible torch version 2.6.0+cu124 for torchao version 0.14.1             Please see https://github.com/pytorch/ao/issues/2919 for more info
[1;36m(VllmWorker rank=0 pid=82729)[0;0m Loading safetensors checkpoint shards:   0% Completed | 0/16 [00:00<?, ?it/s]
[1;36m(VllmWorker rank=0 pid=82729)[0;0m Loading safetensors checkpoint shards:   6% Completed | 1/16 [00:06<01:35,  6.39s/it]
[1;36m(VllmWorker rank=0 pid=82729)[0;0m Loading safetensors checkpoint shards:  12% Completed | 2/16 [00:12<01:28,  6.33s/it]
[1;36m(VllmWorker rank=0 pid=82729)[0;0m Loading safetensors checkpoint shards:  19% Completed | 3/16 [00:19<01:24,  6.46s/it]
[1;36m(VllmWorker rank=0 pid=82729)[0;0m Loading safetensors checkpoint shards:  25% Completed | 4/16 [00:25<01:15,  6.31s/it]
[1;36m(VllmWorker rank=0 pid=82729)[0;0m Loading safetensors checkpoint shards:  31% Completed | 5/16 [00:32<01:11,  6.51s/it]
[1;36m(VllmWorker rank=0 pid=82729)[0;0m Loading safetensors checkpoint shards:  38% Completed | 6/16 [00:38<01:04,  6.47s/it]
[1;36m(VllmWorker rank=0 pid=82729)[0;0m Loading safetensors checkpoint shards:  44% Completed | 7/16 [00:44<00:57,  6.40s/it]
[1;36m(VllmWorker rank=0 pid=82729)[0;0m Loading safetensors checkpoint shards:  50% Completed | 8/16 [00:51<00:52,  6.56s/it]
[1;36m(VllmWorker rank=0 pid=82729)[0;0m Loading safetensors checkpoint shards:  56% Completed | 9/16 [00:57<00:44,  6.41s/it]
[1;36m(VllmWorker rank=0 pid=82729)[0;0m Loading safetensors checkpoint shards:  62% Completed | 10/16 [01:12<00:52,  8.83s/it]
[1;36m(VllmWorker rank=0 pid=82729)[0;0m Loading safetensors checkpoint shards:  69% Completed | 11/16 [01:18<00:40,  8.13s/it]
[1;36m(VllmWorker rank=0 pid=82729)[0;0m Loading safetensors checkpoint shards:  75% Completed | 12/16 [01:25<00:31,  7.82s/it]
[1;36m(VllmWorker rank=0 pid=82729)[0;0m Loading safetensors checkpoint shards:  81% Completed | 13/16 [01:34<00:24,  8.23s/it]
[1;36m(VllmWorker rank=0 pid=82729)[0;0m Loading safetensors checkpoint shards:  88% Completed | 14/16 [01:41<00:15,  7.81s/it]
[1;36m(VllmWorker rank=0 pid=82729)[0;0m Loading safetensors checkpoint shards:  94% Completed | 15/16 [01:48<00:07,  7.61s/it]
[1;36m(VllmWorker rank=0 pid=82729)[0;0m Loading safetensors checkpoint shards: 100% Completed | 16/16 [01:51<00:00,  6.04s/it]
[1;36m(VllmWorker rank=0 pid=82729)[0;0m Loading safetensors checkpoint shards: 100% Completed | 16/16 [01:51<00:00,  6.96s/it]
[1;36m(VllmWorker rank=0 pid=82729)[0;0m 
INFO:     Started server process [80702]
INFO:     Waiting for application startup.
INFO:     Application startup complete.
