Skipping import of cpp extensions due to incompatible torch version 2.6.0+cu124 for torchao version 0.14.1             Please see https://github.com/pytorch/ao/issues/2919 for more info
`torch_dtype` is deprecated! Use `dtype` instead!
Skipping import of cpp extensions due to incompatible torch version 2.6.0+cu124 for torchao version 0.14.1             Please see https://github.com/pytorch/ao/issues/2919 for more info
Skipping import of cpp extensions due to incompatible torch version 2.6.0+cu124 for torchao version 0.14.1             Please see https://github.com/pytorch/ao/issues/2919 for more info
Skipping import of cpp extensions due to incompatible torch version 2.6.0+cu124 for torchao version 0.14.1             Please see https://github.com/pytorch/ao/issues/2919 for more info
[1;36m(VllmWorker rank=0 pid=20394)[0;0m Loading safetensors checkpoint shards:   0% Completed | 0/16 [00:00<?, ?it/s]
[1;36m(VllmWorker rank=0 pid=20394)[0;0m Loading safetensors checkpoint shards:   6% Completed | 1/16 [00:04<01:09,  4.61s/it]
[1;36m(VllmWorker rank=0 pid=20394)[0;0m Loading safetensors checkpoint shards:  12% Completed | 2/16 [00:09<01:04,  4.57s/it]
[1;36m(VllmWorker rank=0 pid=20394)[0;0m Loading safetensors checkpoint shards:  19% Completed | 3/16 [00:13<00:59,  4.61s/it]
[1;36m(VllmWorker rank=0 pid=20394)[0;0m Loading safetensors checkpoint shards:  25% Completed | 4/16 [00:18<00:54,  4.51s/it]
[1;36m(VllmWorker rank=0 pid=20394)[0;0m Loading safetensors checkpoint shards:  31% Completed | 5/16 [00:22<00:49,  4.46s/it]
[1;36m(VllmWorker rank=0 pid=20394)[0;0m Loading safetensors checkpoint shards:  38% Completed | 6/16 [00:27<00:45,  4.59s/it]
[1;36m(VllmWorker rank=0 pid=20394)[0;0m Loading safetensors checkpoint shards:  44% Completed | 7/16 [00:33<00:45,  5.04s/it]
[1;36m(VllmWorker rank=0 pid=20394)[0;0m Loading safetensors checkpoint shards:  50% Completed | 8/16 [00:39<00:43,  5.41s/it]
[1;36m(VllmWorker rank=0 pid=20394)[0;0m Loading safetensors checkpoint shards:  56% Completed | 9/16 [00:46<00:40,  5.78s/it]
[1;36m(VllmWorker rank=0 pid=20394)[0;0m Loading safetensors checkpoint shards:  62% Completed | 10/16 [00:51<00:33,  5.56s/it]
[1;36m(VllmWorker rank=0 pid=20394)[0;0m Loading safetensors checkpoint shards:  69% Completed | 11/16 [00:55<00:26,  5.29s/it]
[1;36m(VllmWorker rank=0 pid=20394)[0;0m Loading safetensors checkpoint shards:  75% Completed | 12/16 [01:01<00:21,  5.27s/it]
[1;36m(VllmWorker rank=0 pid=20394)[0;0m Loading safetensors checkpoint shards:  81% Completed | 13/16 [01:05<00:15,  5.08s/it]
[1;36m(VllmWorker rank=0 pid=20394)[0;0m Loading safetensors checkpoint shards:  88% Completed | 14/16 [01:10<00:09,  4.85s/it]
[1;36m(VllmWorker rank=0 pid=20394)[0;0m Loading safetensors checkpoint shards:  94% Completed | 15/16 [01:14<00:04,  4.72s/it]
[1;36m(VllmWorker rank=0 pid=20394)[0;0m Loading safetensors checkpoint shards: 100% Completed | 16/16 [01:18<00:00,  4.48s/it]
[1;36m(VllmWorker rank=0 pid=20394)[0;0m Loading safetensors checkpoint shards: 100% Completed | 16/16 [01:18<00:00,  4.90s/it]
[1;36m(VllmWorker rank=0 pid=20394)[0;0m 
INFO:     Started server process [89302]
INFO:     Waiting for application startup.
INFO:     Application startup complete.
