Skipping import of cpp extensions due to incompatible torch version 2.6.0+cu124 for torchao version 0.14.1             Please see https://github.com/pytorch/ao/issues/2919 for more info
`torch_dtype` is deprecated! Use `dtype` instead!
Skipping import of cpp extensions due to incompatible torch version 2.6.0+cu124 for torchao version 0.14.1             Please see https://github.com/pytorch/ao/issues/2919 for more info
Skipping import of cpp extensions due to incompatible torch version 2.6.0+cu124 for torchao version 0.14.1             Please see https://github.com/pytorch/ao/issues/2919 for more info
Skipping import of cpp extensions due to incompatible torch version 2.6.0+cu124 for torchao version 0.14.1             Please see https://github.com/pytorch/ao/issues/2919 for more info
[1;36m(VllmWorker rank=0 pid=13288)[0;0m Loading safetensors checkpoint shards:   0% Completed | 0/16 [00:00<?, ?it/s]
[1;36m(VllmWorker rank=0 pid=13288)[0;0m Loading safetensors checkpoint shards:   6% Completed | 1/16 [00:08<02:03,  8.23s/it]
[1;36m(VllmWorker rank=0 pid=13288)[0;0m Loading safetensors checkpoint shards:  12% Completed | 2/16 [00:19<02:20, 10.06s/it]
[1;36m(VllmWorker rank=0 pid=13288)[0;0m Loading safetensors checkpoint shards:  19% Completed | 3/16 [00:31<02:23, 11.02s/it]
[1;36m(VllmWorker rank=0 pid=13288)[0;0m Loading safetensors checkpoint shards:  25% Completed | 4/16 [00:39<01:57,  9.82s/it]
[1;36m(VllmWorker rank=0 pid=13288)[0;0m Loading safetensors checkpoint shards:  31% Completed | 5/16 [00:48<01:44,  9.53s/it]
[1;36m(VllmWorker rank=0 pid=13288)[0;0m Loading safetensors checkpoint shards:  38% Completed | 6/16 [00:55<01:25,  8.57s/it]
[1;36m(VllmWorker rank=0 pid=13288)[0;0m Loading safetensors checkpoint shards:  44% Completed | 7/16 [01:03<01:16,  8.48s/it]
[1;36m(VllmWorker rank=0 pid=13288)[0;0m Loading safetensors checkpoint shards:  50% Completed | 8/16 [01:11<01:05,  8.17s/it]
[1;36m(VllmWorker rank=0 pid=13288)[0;0m Loading safetensors checkpoint shards:  56% Completed | 9/16 [01:18<00:54,  7.78s/it]
[1;36m(VllmWorker rank=0 pid=13288)[0;0m Loading safetensors checkpoint shards:  62% Completed | 10/16 [01:25<00:46,  7.67s/it]
[1;36m(VllmWorker rank=0 pid=13288)[0;0m Loading safetensors checkpoint shards:  69% Completed | 11/16 [01:33<00:38,  7.68s/it]
[1;36m(VllmWorker rank=0 pid=13288)[0;0m Loading safetensors checkpoint shards:  75% Completed | 12/16 [01:42<00:33,  8.27s/it]
[1;36m(VllmWorker rank=0 pid=13288)[0;0m Loading safetensors checkpoint shards:  81% Completed | 13/16 [01:50<00:23,  7.97s/it]
[1;36m(VllmWorker rank=0 pid=13288)[0;0m Loading safetensors checkpoint shards:  88% Completed | 14/16 [01:58<00:15,  7.95s/it]
[1;36m(VllmWorker rank=0 pid=13288)[0;0m Loading safetensors checkpoint shards:  94% Completed | 15/16 [02:05<00:07,  7.70s/it]
[1;36m(VllmWorker rank=0 pid=13288)[0;0m Loading safetensors checkpoint shards: 100% Completed | 16/16 [02:09<00:00,  6.55s/it]
[1;36m(VllmWorker rank=0 pid=13288)[0;0m Loading safetensors checkpoint shards: 100% Completed | 16/16 [02:09<00:00,  8.07s/it]
[1;36m(VllmWorker rank=0 pid=13288)[0;0m 
