Skipping import of cpp extensions due to incompatible torch version 2.6.0+cu124 for torchao version 0.14.1             Please see https://github.com/pytorch/ao/issues/2919 for more info
`torch_dtype` is deprecated! Use `dtype` instead!
Skipping import of cpp extensions due to incompatible torch version 2.6.0+cu124 for torchao version 0.14.1             Please see https://github.com/pytorch/ao/issues/2919 for more info
Skipping import of cpp extensions due to incompatible torch version 2.6.0+cu124 for torchao version 0.14.1             Please see https://github.com/pytorch/ao/issues/2919 for more info
Skipping import of cpp extensions due to incompatible torch version 2.6.0+cu124 for torchao version 0.14.1             Please see https://github.com/pytorch/ao/issues/2919 for more info
[1;36m(VllmWorker rank=0 pid=49414)[0;0m Loading safetensors checkpoint shards:   0% Completed | 0/16 [00:00<?, ?it/s]
[1;36m(VllmWorker rank=0 pid=49414)[0;0m Loading safetensors checkpoint shards:   6% Completed | 1/16 [00:07<01:49,  7.29s/it]
[1;36m(VllmWorker rank=0 pid=49414)[0;0m Loading safetensors checkpoint shards:  12% Completed | 2/16 [00:13<01:36,  6.91s/it]
[1;36m(VllmWorker rank=0 pid=49414)[0;0m Loading safetensors checkpoint shards:  19% Completed | 3/16 [00:20<01:29,  6.88s/it]
[1;36m(VllmWorker rank=0 pid=49414)[0;0m Loading safetensors checkpoint shards:  25% Completed | 4/16 [00:27<01:22,  6.83s/it]
[1;36m(VllmWorker rank=0 pid=49414)[0;0m Loading safetensors checkpoint shards:  31% Completed | 5/16 [00:34<01:16,  6.92s/it]
[1;36m(VllmWorker rank=0 pid=49414)[0;0m Loading safetensors checkpoint shards:  38% Completed | 6/16 [00:41<01:09,  6.94s/it]
[1;36m(VllmWorker rank=0 pid=49414)[0;0m Loading safetensors checkpoint shards:  44% Completed | 7/16 [00:48<01:01,  6.84s/it]
[1;36m(VllmWorker rank=0 pid=49414)[0;0m Loading safetensors checkpoint shards:  50% Completed | 8/16 [00:54<00:53,  6.72s/it]
[1;36m(VllmWorker rank=0 pid=49414)[0;0m Loading safetensors checkpoint shards:  56% Completed | 9/16 [01:00<00:46,  6.58s/it]
[1;36m(VllmWorker rank=0 pid=49414)[0;0m Loading safetensors checkpoint shards:  62% Completed | 10/16 [01:08<00:40,  6.81s/it]
[1;36m(VllmWorker rank=0 pid=49414)[0;0m Loading safetensors checkpoint shards:  69% Completed | 11/16 [01:14<00:33,  6.75s/it]
[1;36m(VllmWorker rank=0 pid=49414)[0;0m Loading safetensors checkpoint shards:  75% Completed | 12/16 [01:21<00:27,  6.83s/it]
[1;36m(VllmWorker rank=0 pid=49414)[0;0m Loading safetensors checkpoint shards:  81% Completed | 13/16 [01:28<00:20,  6.79s/it]
[1;36m(VllmWorker rank=0 pid=49414)[0;0m Loading safetensors checkpoint shards:  88% Completed | 14/16 [01:35<00:13,  6.86s/it]
[1;36m(VllmWorker rank=0 pid=49414)[0;0m Loading safetensors checkpoint shards:  94% Completed | 15/16 [01:40<00:06,  6.21s/it]
[1;36m(VllmWorker rank=0 pid=49414)[0;0m Loading safetensors checkpoint shards: 100% Completed | 16/16 [01:42<00:00,  4.99s/it]
[1;36m(VllmWorker rank=0 pid=49414)[0;0m Loading safetensors checkpoint shards: 100% Completed | 16/16 [01:42<00:00,  6.41s/it]
[1;36m(VllmWorker rank=0 pid=49414)[0;0m 
INFO:     Started server process [47742]
INFO:     Waiting for application startup.
INFO:     Application startup complete.
