Skipping import of cpp extensions due to incompatible torch version 2.6.0+cu124 for torchao version 0.14.1             Please see https://github.com/pytorch/ao/issues/2919 for more info
`torch_dtype` is deprecated! Use `dtype` instead!
Skipping import of cpp extensions due to incompatible torch version 2.6.0+cu124 for torchao version 0.14.1             Please see https://github.com/pytorch/ao/issues/2919 for more info
Skipping import of cpp extensions due to incompatible torch version 2.6.0+cu124 for torchao version 0.14.1             Please see https://github.com/pytorch/ao/issues/2919 for more info
Skipping import of cpp extensions due to incompatible torch version 2.6.0+cu124 for torchao version 0.14.1             Please see https://github.com/pytorch/ao/issues/2919 for more info
[1;36m(VllmWorker rank=0 pid=47886)[0;0m Loading safetensors checkpoint shards:   0% Completed | 0/16 [00:00<?, ?it/s]
[1;36m(VllmWorker rank=0 pid=47886)[0;0m Loading safetensors checkpoint shards:   6% Completed | 1/16 [00:10<02:44, 10.97s/it]
[1;36m(VllmWorker rank=0 pid=47886)[0;0m Loading safetensors checkpoint shards:  12% Completed | 2/16 [00:22<02:39, 11.38s/it]
[1;36m(VllmWorker rank=0 pid=47886)[0;0m Loading safetensors checkpoint shards:  19% Completed | 3/16 [00:33<02:26, 11.28s/it]
[1;36m(VllmWorker rank=0 pid=47886)[0;0m Loading safetensors checkpoint shards:  25% Completed | 4/16 [00:46<02:20, 11.67s/it]
[1;36m(VllmWorker rank=0 pid=47886)[0;0m Loading safetensors checkpoint shards:  31% Completed | 5/16 [00:57<02:06, 11.54s/it]
[1;36m(VllmWorker rank=0 pid=47886)[0;0m Loading safetensors checkpoint shards:  38% Completed | 6/16 [01:09<01:56, 11.64s/it]
[1;36m(VllmWorker rank=0 pid=47886)[0;0m Loading safetensors checkpoint shards:  44% Completed | 7/16 [01:20<01:43, 11.45s/it]
[1;36m(VllmWorker rank=0 pid=47886)[0;0m Loading safetensors checkpoint shards:  50% Completed | 8/16 [01:30<01:28, 11.12s/it]
[1;36m(VllmWorker rank=0 pid=47886)[0;0m Loading safetensors checkpoint shards:  56% Completed | 9/16 [01:41<01:17, 11.07s/it]
[1;36m(VllmWorker rank=0 pid=47886)[0;0m Loading safetensors checkpoint shards:  62% Completed | 10/16 [01:52<01:05, 10.87s/it]
[1;36m(VllmWorker rank=0 pid=47886)[0;0m Loading safetensors checkpoint shards:  69% Completed | 11/16 [02:03<00:54, 10.99s/it]
[1;36m(VllmWorker rank=0 pid=47886)[0;0m Loading safetensors checkpoint shards:  75% Completed | 12/16 [02:14<00:43, 10.99s/it]
[1;36m(VllmWorker rank=0 pid=47886)[0;0m Loading safetensors checkpoint shards:  81% Completed | 13/16 [02:25<00:33, 11.00s/it]
[1;36m(VllmWorker rank=0 pid=47886)[0;0m Loading safetensors checkpoint shards:  88% Completed | 14/16 [02:35<00:21, 10.83s/it]
[1;36m(VllmWorker rank=0 pid=47886)[0;0m Loading safetensors checkpoint shards:  94% Completed | 15/16 [02:47<00:11, 11.08s/it]
[1;36m(VllmWorker rank=0 pid=47886)[0;0m Loading safetensors checkpoint shards: 100% Completed | 16/16 [02:50<00:00,  8.74s/it]
[1;36m(VllmWorker rank=0 pid=47886)[0;0m Loading safetensors checkpoint shards: 100% Completed | 16/16 [02:50<00:00, 10.67s/it]
[1;36m(VllmWorker rank=0 pid=47886)[0;0m 
INFO:     Started server process [46072]
INFO:     Waiting for application startup.
INFO:     Application startup complete.
