Skipping import of cpp extensions due to incompatible torch version 2.6.0+cu124 for torchao version 0.14.1             Please see https://github.com/pytorch/ao/issues/2919 for more info
`torch_dtype` is deprecated! Use `dtype` instead!
Skipping import of cpp extensions due to incompatible torch version 2.6.0+cu124 for torchao version 0.14.1             Please see https://github.com/pytorch/ao/issues/2919 for more info
Skipping import of cpp extensions due to incompatible torch version 2.6.0+cu124 for torchao version 0.14.1             Please see https://github.com/pytorch/ao/issues/2919 for more info
Skipping import of cpp extensions due to incompatible torch version 2.6.0+cu124 for torchao version 0.14.1             Please see https://github.com/pytorch/ao/issues/2919 for more info
[1;36m(VllmWorker rank=0 pid=72546)[0;0m Loading safetensors checkpoint shards:   0% Completed | 0/16 [00:00<?, ?it/s]
[1;36m(VllmWorker rank=0 pid=72546)[0;0m Loading safetensors checkpoint shards:   6% Completed | 1/16 [00:07<01:46,  7.12s/it]
[1;36m(VllmWorker rank=0 pid=72546)[0;0m Loading safetensors checkpoint shards:  12% Completed | 2/16 [00:14<01:39,  7.12s/it]
[1;36m(VllmWorker rank=0 pid=72546)[0;0m Loading safetensors checkpoint shards:  19% Completed | 3/16 [00:20<01:29,  6.91s/it]
[1;36m(VllmWorker rank=0 pid=72546)[0;0m Loading safetensors checkpoint shards:  25% Completed | 4/16 [00:27<01:23,  6.98s/it]
[1;36m(VllmWorker rank=0 pid=72546)[0;0m Loading safetensors checkpoint shards:  31% Completed | 5/16 [00:34<01:16,  6.93s/it]
[1;36m(VllmWorker rank=0 pid=72546)[0;0m Loading safetensors checkpoint shards:  38% Completed | 6/16 [00:42<01:10,  7.02s/it]
[1;36m(VllmWorker rank=0 pid=72546)[0;0m Loading safetensors checkpoint shards:  44% Completed | 7/16 [00:49<01:04,  7.12s/it]
[1;36m(VllmWorker rank=0 pid=72546)[0;0m Loading safetensors checkpoint shards:  50% Completed | 8/16 [00:56<00:56,  7.09s/it]
[1;36m(VllmWorker rank=0 pid=72546)[0;0m Loading safetensors checkpoint shards:  56% Completed | 9/16 [01:03<00:49,  7.14s/it]
[1;36m(VllmWorker rank=0 pid=72546)[0;0m Loading safetensors checkpoint shards:  62% Completed | 10/16 [01:10<00:42,  7.11s/it]
[1;36m(VllmWorker rank=0 pid=72546)[0;0m Loading safetensors checkpoint shards:  69% Completed | 11/16 [01:17<00:35,  7.03s/it]
[1;36m(VllmWorker rank=0 pid=72546)[0;0m Loading safetensors checkpoint shards:  75% Completed | 12/16 [01:24<00:28,  7.08s/it]
[1;36m(VllmWorker rank=0 pid=72546)[0;0m Loading safetensors checkpoint shards:  81% Completed | 13/16 [01:31<00:21,  7.09s/it]
[1;36m(VllmWorker rank=0 pid=72546)[0;0m Loading safetensors checkpoint shards:  88% Completed | 14/16 [01:38<00:14,  7.07s/it]
[1;36m(VllmWorker rank=0 pid=72546)[0;0m Loading safetensors checkpoint shards:  94% Completed | 15/16 [01:45<00:07,  7.02s/it]
[1;36m(VllmWorker rank=0 pid=72546)[0;0m Loading safetensors checkpoint shards: 100% Completed | 16/16 [01:48<00:00,  5.67s/it]
[1;36m(VllmWorker rank=0 pid=72546)[0;0m Loading safetensors checkpoint shards: 100% Completed | 16/16 [01:48<00:00,  6.77s/it]
[1;36m(VllmWorker rank=0 pid=72546)[0;0m 
INFO:     Started server process [70520]
INFO:     Waiting for application startup.
INFO:     Application startup complete.
