Skipping import of cpp extensions due to incompatible torch version 2.6.0+cu124 for torchao version 0.14.1             Please see https://github.com/pytorch/ao/issues/2919 for more info
`torch_dtype` is deprecated! Use `dtype` instead!
Skipping import of cpp extensions due to incompatible torch version 2.6.0+cu124 for torchao version 0.14.1             Please see https://github.com/pytorch/ao/issues/2919 for more info
Skipping import of cpp extensions due to incompatible torch version 2.6.0+cu124 for torchao version 0.14.1             Please see https://github.com/pytorch/ao/issues/2919 for more info
Skipping import of cpp extensions due to incompatible torch version 2.6.0+cu124 for torchao version 0.14.1             Please see https://github.com/pytorch/ao/issues/2919 for more info
[1;36m(VllmWorker rank=0 pid=53668)[0;0m Loading safetensors checkpoint shards:   0% Completed | 0/16 [00:00<?, ?it/s]
[1;36m(VllmWorker rank=0 pid=53668)[0;0m Loading safetensors checkpoint shards:   6% Completed | 1/16 [00:04<01:03,  4.27s/it]
[1;36m(VllmWorker rank=0 pid=53668)[0;0m Loading safetensors checkpoint shards:  12% Completed | 2/16 [00:08<01:00,  4.35s/it]
[1;36m(VllmWorker rank=0 pid=53668)[0;0m Loading safetensors checkpoint shards:  19% Completed | 3/16 [00:14<01:03,  4.85s/it]
[1;36m(VllmWorker rank=0 pid=53668)[0;0m Loading safetensors checkpoint shards:  25% Completed | 4/16 [00:19<01:00,  5.02s/it]
[1;36m(VllmWorker rank=0 pid=53668)[0;0m Loading safetensors checkpoint shards:  31% Completed | 5/16 [00:23<00:53,  4.83s/it]
[1;36m(VllmWorker rank=0 pid=53668)[0;0m Loading safetensors checkpoint shards:  38% Completed | 6/16 [00:28<00:48,  4.83s/it]
[1;36m(VllmWorker rank=0 pid=53668)[0;0m Loading safetensors checkpoint shards:  44% Completed | 7/16 [00:33<00:42,  4.74s/it]
[1;36m(VllmWorker rank=0 pid=53668)[0;0m Loading safetensors checkpoint shards:  50% Completed | 8/16 [00:37<00:37,  4.72s/it]
[1;36m(VllmWorker rank=0 pid=53668)[0;0m Loading safetensors checkpoint shards:  56% Completed | 9/16 [00:42<00:33,  4.77s/it]
[1;36m(VllmWorker rank=0 pid=53668)[0;0m Loading safetensors checkpoint shards:  62% Completed | 10/16 [00:47<00:27,  4.66s/it]
[1;36m(VllmWorker rank=0 pid=53668)[0;0m Loading safetensors checkpoint shards:  69% Completed | 11/16 [00:51<00:22,  4.58s/it]
[1;36m(VllmWorker rank=0 pid=53668)[0;0m Loading safetensors checkpoint shards:  75% Completed | 12/16 [01:06<00:30,  7.66s/it]
[1;36m(VllmWorker rank=0 pid=53668)[0;0m Loading safetensors checkpoint shards:  81% Completed | 13/16 [01:11<00:21,  7.03s/it]
[1;36m(VllmWorker rank=0 pid=53668)[0;0m Loading safetensors checkpoint shards:  88% Completed | 14/16 [01:16<00:12,  6.35s/it]
[1;36m(VllmWorker rank=0 pid=53668)[0;0m Loading safetensors checkpoint shards:  94% Completed | 15/16 [01:21<00:05,  5.95s/it]
[1;36m(VllmWorker rank=0 pid=53668)[0;0m Loading safetensors checkpoint shards: 100% Completed | 16/16 [01:25<00:00,  5.30s/it]
[1;36m(VllmWorker rank=0 pid=53668)[0;0m Loading safetensors checkpoint shards: 100% Completed | 16/16 [01:25<00:00,  5.35s/it]
[1;36m(VllmWorker rank=0 pid=53668)[0;0m 
INFO:     Started server process [50103]
INFO:     Waiting for application startup.
INFO:     Application startup complete.
